// Jest Snapshot v1, https://goo.gl/fbAQLP

exports[`<Upload /> tests should render 1`] = `
<div>
  <div
    class="parent"
  >
    <div
      class="file-upload"
    >
      <h3>
        Натисни тук, за да качиш снимки
      </h3>
      <input
        data-testid="file-input"
        multiple=""
        type="file"
      />
    </div>
  </div>
</div>
`;
