// Jest Snapshot v1, https://goo.gl/fbAQLP

exports[`<Upload /> tests should render 1`] = `
.c0 {
  width: 450px;
  margin: 20px 0;
  background: #ffffff;
  border-radius: 25px;
}

.c0 .file-upload {
  text-align: center;
  border: 5px dashed #EEC61F;
  border-radius: 25px;
  padding: 1.5rem;
  position: relative;
  cursor: pointer;
}

.c0 .file-upload p {
  font-size: 0.87rem;
  font-family: Verdana,Geneva,Tahoma,sans-serif;
}

.c0 .file-upload input {
  display: block;
  height: 100%;
  width: 100%;
  position: absolute;
  top: 0;
  bottom: 0;
  left: 0;
  right: 0;
  opacity: 0;
  cursor: pointer;
}

<div>
  <div
    class="c0"
  >
    <div
      class="file-upload"
    >
      <h3>
        Натисни тук, за да качиш снимки
      </h3>
      <input
        data-testid="file-input"
        multiple=""
        type="file"
      />
    </div>
  </div>
</div>
`;
