// Jest Snapshot v1, https://goo.gl/fbAQLP

exports[`<Upload /> tests should render 1`] = `
.c0 {
  display: inline-block;
  background: #ffffff;
  position: relative;
  height: 200px;
}

.c0 img {
  height: 100%;
  width: auto;
}

.c0 input {
  display: block;
  height: 100%;
  width: 100%;
  position: absolute;
  top: 0;
  bottom: 0;
  left: 0;
  right: 0;
  opacity: 0;
  cursor: pointer;
}

<div>
  <div
    class="c0"
  >
    <img
      src="[object Object]"
    />
    <input
      data-testid="file-input"
      multiple=""
      title="Добави снимка"
      type="file"
    />
  </div>
</div>
`;
